// Jest Snapshot v1, https://goo.gl/fbAQLP

exports[`<ContactModal /> renders a popup when click on button 1`] = `
.c8:not(:focus):not(:active) {
  position: absolute;
  width: 1px;
  height: 1px;
  margin: -1px;
  padding: 0;
  overflow: hidden;
  border: 0;
  -webkit-clip: rect(0,0,0,0);
  clip: rect(0,0,0,0);
}

.c0 {
  display: -webkit-inline-box;
  display: -webkit-inline-flex;
  display: -ms-inline-flexbox;
  display: inline-flex;
  -webkit-align-items: center;
  -webkit-box-align: center;
  -ms-flex-align: center;
  align-items: center;
  -webkit-box-pack: center;
  -webkit-justify-content: center;
  -ms-flex-pack: center;
  justify-content: center;
  box-sizing: content-box;
  font-weight: 500;
  font-size: 1.6rem;
  line-height: 1.125em;
  text-align: center;
  vertical-align: middle;
  border: 1px solid;
  border-radius: 0.6rem;
  cursor: pointer;
  -webkit-transition: background-color 250ms linear, border-color 250ms linear,-webkit-transform 100ms linear;
  -webkit-transition: background-color 250ms linear, border-color 250ms linear,transform 100ms linear;
  transition: background-color 250ms linear, border-color 250ms linear,transform 100ms linear;
  -webkit-appearance: none;
  -moz-appearance: none;
  appearance: none;
  height: 5.2rem;
  padding: 0 4.4rem;
  color: #fff;
  background: #7994d4;
  border-color: #7994d4;
  box-shadow: 0px 10px 20px rgba(121,148,212,0.26),0px 5px 7px rgba(121,148,212,0.35);
  opacity: 1;
}

.c0:link,
.c0:visited {
  -webkit-text-decoration: none;
  text-decoration: none;
  color: #fff;
}

.c0:not([disabled]):hover,
.c0:not([disabled]):active,
.c0:not([disabled]):focus {
  opacity: 1;
  -webkit-transform: translateY(-2px);
  -ms-transform: translateY(-2px);
  transform: translateY(-2px);
  background: #a0b3e0;
  border-color: #a0b3e0;
}

.c0[disabled] {
  background-color: #e4e8ef;
  border-color: #e4e8ef;
  color: #9298af;
  box-shadow: none;
  cursor: not-allowed;
}

.c6 {
  display: -webkit-inline-box;
  display: -webkit-inline-flex;
  display: -ms-inline-flexbox;
  display: inline-flex;
  -webkit-align-items: center;
  -webkit-box-align: center;
  -ms-flex-align: center;
  align-items: center;
  -webkit-box-pack: center;
  -webkit-justify-content: center;
  -ms-flex-pack: center;
  justify-content: center;
  box-sizing: content-box;
  font-weight: 500;
  font-size: 1.6rem;
  line-height: 1.125em;
  text-align: center;
  vertical-align: middle;
  border: 1px solid;
  border-radius: 0.6rem;
  cursor: pointer;
  -webkit-transition: background-color 250ms linear, border-color 250ms linear,-webkit-transform 100ms linear;
  -webkit-transition: background-color 250ms linear, border-color 250ms linear,transform 100ms linear;
  transition: background-color 250ms linear, border-color 250ms linear,transform 100ms linear;
  -webkit-appearance: none;
  -moz-appearance: none;
  appearance: none;
  height: 4rem;
  padding: 0 1rem;
  color: #3e486e;
  background: transparent;
  border-color: transparent;
  box-shadow: none;
  opacity: 1;
}

.c6:link,
.c6:visited {
  -webkit-text-decoration: none;
  text-decoration: none;
  color: #3e486e;
}

.c6:not([disabled]):hover,
.c6:not([disabled]):active,
.c6:not([disabled]):focus {
  opacity: 0.6;
  -webkit-transform: translateY(-2px);
  -ms-transform: translateY(-2px);
  transform: translateY(-2px);
  background: transparent;
  border-color: transparent;
}

.c6[disabled] {
  background-color: #e4e8ef;
  border-color: #e4e8ef;
  color: #9298af;
  box-shadow: none;
  cursor: not-allowed;
}

.c1 {
  position: fixed;
  top: 0;
  right: 0;
  bottom: 0;
  left: 0;
  z-index: 3;
  overflow: auto;
  background: rgba(0,0,0,0.5);
}

.c2 {
  position: relative;
  width: 50vw;
  max-height: calc(100vh - 2 * 10vh);
  margin: 10vh auto;
  padding: 2rem;
  overflow-y: auto;
  color: #3e486e;
  background: #fff;
  border-radius: 0.6rem;
  outline: none;
}

.c7 {
  position: absolute;
  top: 0;
  right: 0;
}

.c3 {
  position: relative;
  margin: 3.2rem 0 2rem 0;
  color: #2f3b6c;
  font-weight: 600;
  font-size: 1.8rem;
  font-family: "Open Sans",sans-serif;
  line-height: 1.625;
}

.c4 {
  color: #3e486e;
  line-height: 1.25;
  font-size: 1.6rem;
  font-weight: 400;
}

.c5 {
  font-weight: bold;
  -webkit-text-decoration: none;
  text-decoration: none;
  cursor: pointer;
}

@media (max-width:600px) {
  .c0 {
    font-size: 1.4rem;
  }
}

@media (max-width:600px) {
  .c0 {
    padding: 0 3rem;
  }
}

@media (max-width:600px) {
  .c6 {
    font-size: 1.4rem;
  }
}

@media (max-width:1180px) {
  .c2 {
    width: 60vw;
  }
}

@media (max-width:980px) {
  .c2 {
    width: 80vw;
  }
}

@media (max-width:600px) {
  .c2 {
    width: calc(100% - 2 * 1.6rem);
    max-height: calc(100vh - 2 * 1.6rem);
    margin: 1.6rem;
  }
}

@media (max-width:600px) {
  .c7 {
    position: fixed;
    top: 1rem;
    right: 1rem;
  }
}

@media (max-width:600px) {
  .c3 {
    font-size: 1.6rem;
  }
}

<body>
  <div
    aria-hidden="true"
  >
    <button
      class="c0"
    >
      texte dans le bouton
    </button>
  </div>
  <reach-portal>
    <div
      data-focus-guard="true"
      style="width: 1px; height: 0px; padding: 0px; overflow: hidden; position: fixed; top: 1px; left: 1px;"
      tabindex="0"
    />
    <div
      data-focus-guard="true"
      style="width: 1px; height: 0px; padding: 0px; overflow: hidden; position: fixed; top: 1px; left: 1px;"
      tabindex="1"
    />
    <div
      data-focus-lock-disabled="false"
    >
      <div>
        <div
          class="c1"
          data-reach-dialog-overlay=""
        >
          <div
            aria-label="Contact"
            aria-modal="true"
            class="c2"
            data-reach-dialog-content=""
            role="dialog"
            tabindex="-1"
          >
            <h4
              class="c3"
            >
              Contact 
            </h4>
            <p>
              <span
                class="c4"
                font-size="default"
                font-weight="400"
              >
                Vous pouvez joindre l'équipe en charge de la conception et du développement du site à l'adresse suivante : 
                <a
                  class="c5"
                  href="mailto:codedutravailnumerique@travail.gouv.fr"
                >
                  codedutravailnumerique@travail.gouv.fr
                </a>
              </span>
            </p>
            <p>
              <span
                class="c4"
                font-size="default"
                font-weight="400"
              >
                Attention : l'équipe n'est pas habilitée à répondre aux questions concernant le droit du travail. Si vous avez besoin de renseignements sur votre situation ou celle d'un proche, nous vous invitons à contacter 
                <a
                  class="c5"
                >
                  les services dédiés
                </a>
                .
              </span>
            </p>
            <button
              class="c6 c7"
              title="fermer la modale"
            >
              <div
                class="c8"
              >
                fermer la modale
              </div>
              <svg
                aria-hidden="true"
                fill="none"
                height="24"
                stroke="currentColor"
                stroke-linecap="round"
                stroke-linejoin="round"
                stroke-width="2"
                viewBox="0 0 24 24"
                width="24"
                xmlns="http://www.w3.org/2000/svg"
              >
                <line
                  x1="18"
                  x2="6"
                  y1="6"
                  y2="18"
                />
                <line
                  x1="6"
                  x2="18"
                  y1="6"
                  y2="18"
                />
              </svg>
            </button>
          </div>
        </div>
      </div>
    </div>
    <div
      data-focus-guard="true"
      style="width: 1px; height: 0px; padding: 0px; overflow: hidden; position: fixed; top: 1px; left: 1px;"
      tabindex="0"
    />
  </reach-portal>
</body>
`;
