// Jest Snapshot v1, https://goo.gl/fbAQLP

exports[`<ServiceRenseignement /> should render suggestions 1`] = `
.c0 {
  position: relative;
  margin: 3.2rem 0 2rem 0;
  color: #2f3b6c;
  font-weight: 600;
  font-size: 1.8rem;
  font-family: "Open Sans",sans-serif;
  line-height: 1.625;
}

.c4 {
  position: relative;
  display: inline-block;
}

.c6 {
  width: 100%;
  height: 5.4rem;
  padding: 0 2rem;
  padding-right: 2rem;
  color: #3e486e;
  font-weight: normal;
  font-size: 1.6rem;
  font-family: "Open Sans",sans-serif;
  font-style: normal;
  line-height: inherit;
  text-align: left;
  background: #fff;
  border: 1px solid transparent;
  border-color: transparent;
  border-radius: 0.6rem;
  box-shadow: 0 1rem 2rem rgba(121,148,212,0.2);
  -webkit-appearance: none;
  -moz-appearance: none;
  appearance: none;
}

.c6::-webkit-outer-spin-button,
.c6::-webkit-inner-spin-button {
  margin: 0;
  -webkit-appearance: none;
  -moz-appearance: none;
  appearance: none;
}

.c6::-webkit-calendar-picker-indicator {
  display: block;
  width: 3.2rem;
  height: 3.2rem;
  margin-right: -2rem;
  color: rgba(0,0,0,0);
  background-color: #9298af;
  cursor: pointer;
  opacity: 1;
  -webkit-mask-image: url("data:image/svg+xml;,%3Csvg%20fill%3D%22none%22%20xmlns%3D%22http%3A%2F%2Fwww.w3.org%2F2000%2Fsvg%22%20viewBox%3D%220%200%2032%2032%22%3E%3Cpath%20fill-rule%3D%22evenodd%22%20clip-rule%3D%22evenodd%22%20d%3D%22M20.947%207.601h1.601c1.472%200%202.521%201.198%202.521%202.669v2.306l-.001%2010.392c0%201.472-1.049%202.669-2.521%202.669H8.669A2.672%202.672%200%20016%2022.967l.001-12.697a2.672%202.672%200%20012.67-2.669h1.331V6h.999v1.601H20V6h.947v1.601zm1.6%2017.036c.883%200%201.454-.786%201.454-1.67v-10.33h-17L7%2022.967c0%20.884.785%201.67%201.668%201.67h13.879zm-15.548-13h17.002l.001-1.367c0-.883-.57-1.601-1.453-1.601h-1.6v1.068H20V8.669h-9v1.068h-1V8.669H8.669C7.786%208.669%207%209.387%207%2010.27v1.367zm9.677%206.277h-2.135a1.07%201.07%200%2001-1.068-1.068v-2.135a1.07%201.07%200%20011.068-1.068h2.135a1.07%201.07%200%20011.068%201.068v2.135a1.07%201.07%200%2001-1.068%201.068zm0-3.203h-2.135v2.135h2.136v-2.135zm3.203%203.203h2.135a1.07%201.07%200%20001.068-1.068v-2.135a1.07%201.07%200%2000-1.068-1.068H19.88a1.07%201.07%200%2000-1.068%201.068v2.135a1.07%201.07%200%20001.068%201.068zm0-3.203h2.135l.001%202.135H19.88v-2.135zm-8.54%208.541H9.204a1.07%201.07%200%2001-1.068-1.068v-2.135a1.07%201.07%200%20011.068-1.068h2.135a1.07%201.07%200%20011.068%201.068v2.135a1.07%201.07%200%2001-1.068%201.068zm0-3.203H9.204v2.135h2.136l-.001-2.135zm3.202%203.203h2.135a1.07%201.07%200%20001.068-1.068v-2.135a1.07%201.07%200%2000-1.068-1.068h-2.135a1.07%201.07%200%2000-1.068%201.068v2.135a1.07%201.07%200%20001.068%201.068zm0-3.203h2.135l.001%202.135h-2.136v-2.135zm7.473%203.203H19.88a1.07%201.07%200%2001-1.068-1.068v-2.135a1.07%201.07%200%20011.068-1.068h2.135a1.07%201.07%200%20011.068%201.068v2.135a1.07%201.07%200%2001-1.068%201.068zm0-3.203H19.88v2.135h2.136v-2.135z%22%20fill%3D%22currentColor%22%2F%3E%3C%2Fsvg%3E");
  mask-image: url("data:image/svg+xml;,%3Csvg%20fill%3D%22none%22%20xmlns%3D%22http%3A%2F%2Fwww.w3.org%2F2000%2Fsvg%22%20viewBox%3D%220%200%2032%2032%22%3E%3Cpath%20fill-rule%3D%22evenodd%22%20clip-rule%3D%22evenodd%22%20d%3D%22M20.947%207.601h1.601c1.472%200%202.521%201.198%202.521%202.669v2.306l-.001%2010.392c0%201.472-1.049%202.669-2.521%202.669H8.669A2.672%202.672%200%20016%2022.967l.001-12.697a2.672%202.672%200%20012.67-2.669h1.331V6h.999v1.601H20V6h.947v1.601zm1.6%2017.036c.883%200%201.454-.786%201.454-1.67v-10.33h-17L7%2022.967c0%20.884.785%201.67%201.668%201.67h13.879zm-15.548-13h17.002l.001-1.367c0-.883-.57-1.601-1.453-1.601h-1.6v1.068H20V8.669h-9v1.068h-1V8.669H8.669C7.786%208.669%207%209.387%207%2010.27v1.367zm9.677%206.277h-2.135a1.07%201.07%200%2001-1.068-1.068v-2.135a1.07%201.07%200%20011.068-1.068h2.135a1.07%201.07%200%20011.068%201.068v2.135a1.07%201.07%200%2001-1.068%201.068zm0-3.203h-2.135v2.135h2.136v-2.135zm3.203%203.203h2.135a1.07%201.07%200%20001.068-1.068v-2.135a1.07%201.07%200%2000-1.068-1.068H19.88a1.07%201.07%200%2000-1.068%201.068v2.135a1.07%201.07%200%20001.068%201.068zm0-3.203h2.135l.001%202.135H19.88v-2.135zm-8.54%208.541H9.204a1.07%201.07%200%2001-1.068-1.068v-2.135a1.07%201.07%200%20011.068-1.068h2.135a1.07%201.07%200%20011.068%201.068v2.135a1.07%201.07%200%2001-1.068%201.068zm0-3.203H9.204v2.135h2.136l-.001-2.135zm3.202%203.203h2.135a1.07%201.07%200%20001.068-1.068v-2.135a1.07%201.07%200%2000-1.068-1.068h-2.135a1.07%201.07%200%2000-1.068%201.068v2.135a1.07%201.07%200%20001.068%201.068zm0-3.203h2.135l.001%202.135h-2.136v-2.135zm7.473%203.203H19.88a1.07%201.07%200%2001-1.068-1.068v-2.135a1.07%201.07%200%20011.068-1.068h2.135a1.07%201.07%200%20011.068%201.068v2.135a1.07%201.07%200%2001-1.068%201.068zm0-3.203H19.88v2.135h2.136v-2.135z%22%20fill%3D%22currentColor%22%2F%3E%3C%2Fsvg%3E");
}

.c6:invalid {
  border-color: #eb5757;
}

.c6::-webkit-input-placeholder {
  color: #9298af;
}

.c6::-moz-placeholder {
  color: #9298af;
}

.c6:-ms-input-placeholder {
  color: #9298af;
}

.c6::placeholder {
  color: #9298af;
}

.c6:focus {
  border-color: #7994d4;
}

.c6:focus::-webkit-input-placeholder {
  color: transparent;
}

.c6:focus::-moz-placeholder {
  color: transparent;
}

.c6:focus:-ms-input-placeholder {
  color: transparent;
}

.c6:focus::placeholder {
  color: transparent;
}

.c1 {
  display: -webkit-inline-box;
  display: -webkit-inline-flex;
  display: -ms-inline-flexbox;
  display: inline-flex;
  margin: 1.6rem 0 3.2rem;
  padding-right: 1rem;
  font-weight: bold;
  font-family: Arial,"Helvetica Neue",Helvetica,sans-serif;
  line-height: 1.3;
  -webkit-text-decoration: none;
  text-decoration: none;
  background-color: #fff;
  border: 1px solid #9298af;
}

.c2 {
  padding: 0 1rem;
  color: #9298af;
  font-size: 2.8rem;
  text-align: center;
}

.c3 {
  position: relative;
  display: -webkit-box;
  display: -webkit-flex;
  display: -ms-flexbox;
  display: flex;
  -webkit-flex-direction: column;
  -ms-flex-direction: column;
  flex-direction: column;
  -webkit-box-pack: center;
  -webkit-justify-content: center;
  -ms-flex-pack: center;
  justify-content: center;
  margin: -3px 0 -3px 0;
  padding: 0 1rem 0 2rem;
  color: #fff;
  font-size: 1.6rem;
  font-style: normal;
  background-color: #9298af;
}

.c3:before {
  position: absolute;
  top: 50%;
  left: 0;
  width: 0;
  height: 0;
  border-color: transparent transparent transparent #fff;
  border-style: solid;
  border-width: 10px 0 10px 10px;
  -webkit-transform: translateY(-50%);
  -ms-transform: translateY(-50%);
  transform: translateY(-50%);
  content: "";
}

.c3:after {
  position: absolute;
  top: 0;
  left: 0.9rem;
  display: none;
  width: 0;
  height: 0;
  border-color: #fff transparent transparent transparent;
  border-style: solid;
  border-width: 8px 8px 0 8px;
  content: "";
}

.c5 {
  width: 100%;
  margin-top: 1rem;
}

.c7 {
  display: block;
  margin-top: 2rem;
}

@media (max-width:600px) {
  .c0 {
    font-size: 1.6rem;
  }
}

@media (max-width:600px) {
  .c4 {
    width: 100%;
  }
}

@media (max-width:600px) {
  .c6 {
    padding: 0 1rem;
    padding-right: 2rem;
  }
}

@media (max-width:600px) {
  .c1 {
    -webkit-flex-direction: column;
    -ms-flex-direction: column;
    flex-direction: column;
    padding-right: 0;
  }
}

@media (max-width:600px) {
  .c3 {
    -webkit-flex-direction: row;
    -ms-flex-direction: row;
    flex-direction: row;
    margin: 0;
    padding: 0 1rem 0 1.6rem;
    font-size: 1.2rem;
    line-height: 1.8;
  }
}

@media (max-width:600px) {
  .c3:before {
    display: none;
  }
}

@media (max-width:600px) {
  .c3:after {
    display: block;
  }
}

<div>
  <h4
    class="c0"
  >
    Contact téléphonique
  </h4>
  <a
    class="c1"
    href="tel:+0033806000126"
  >
    <strong
      class="c2"
    >
      0 806 000 126
    </strong>
    <em
      class="c3"
    >
      Service gratuit 
      <span>
        + prix appel
      </span>
    </em>
  </a>
  <h4
    class="c0"
  >
    Contact par email et prise de rendez-vous
  </h4>
  <p>
    <label
      for="id_1"
    >
      Saisissez votre numéro de département :
    </label>
    <span
      class="c4 c5"
    >
      <input
        autocomplete="off"
        class="c6"
        id="id_1"
        maxlength="3"
        name="search-service"
        placeholder="ex. 31, 35, 75"
        type="text"
      />
    </span>
  </p>
  <p>
    <a
      href="link.url"
      rel="noopener noreferrer"
      target="_blank"
    >
      link.url
    </a>
  </p>
  <small
    class="c7"
  >
    Attention, ces services délivrent une information juridique, ils ne sont pas compétents pour :
    <ul>
      <li>
        les demandes d'intervention en entreprise
      </li>
      <li>
        la constitution des dossiers prud'homaux
      </li>
      <li>
        les calculs de droit au chômage
      </li>
      <li>
        vous renseigner sur les cotisations sociales
      </li>
    </ul>
  </small>
</div>
`;
