// Jest Snapshot v1, https://goo.gl/fbAQLP

exports[`<SimulateurIndemnitePrecarite /> should render 1`] = `
.c14 {
  display: -webkit-inline-box;
  display: -webkit-inline-flex;
  display: -ms-inline-flexbox;
  display: inline-flex;
  -webkit-align-items: center;
  -webkit-box-align: center;
  -ms-flex-align: center;
  align-items: center;
  -webkit-box-pack: center;
  -webkit-justify-content: center;
  -ms-flex-pack: center;
  justify-content: center;
  box-sizing: content-box;
  font-weight: 500;
  font-size: 1.6rem;
  line-height: 1.125em;
  text-align: center;
  vertical-align: middle;
  border: 1px solid;
  border-radius: 0.6rem;
  cursor: pointer;
  -webkit-transition: background-color 250ms linear, border-color 250ms linear,-webkit-transform 100ms linear;
  -webkit-transition: background-color 250ms linear, border-color 250ms linear,transform 100ms linear;
  transition: background-color 250ms linear, border-color 250ms linear,transform 100ms linear;
  -webkit-appearance: none;
  -moz-appearance: none;
  appearance: none;
  height: 5.2rem;
  padding: 0 4.4rem;
  color: #fff;
  background: #f66663;
  border-color: #f66663;
  box-shadow: 0px 10px 20px rgba(246,102,99,0.26),0px 5px 7px rgba(246,102,99,0.35);
  opacity: 1;
}

.c14:link,
.c14:visited {
  -webkit-text-decoration: none;
  text-decoration: none;
  color: #fff;
}

.c14:not([disabled]):hover,
.c14:not([disabled]):active,
.c14:not([disabled]):focus {
  opacity: 1;
  -webkit-transform: translateY(-2px);
  -ms-transform: translateY(-2px);
  transform: translateY(-2px);
  background: #f99593;
  border-color: #f99593;
}

.c14[disabled] {
  color: rgba(255,255,255,0.4);
  box-shadow: none;
  cursor: not-allowed;
}

.c6 {
  margin: 0;
  padding: 0;
  list-style-type: none;
}

.c2 {
  padding: 2rem 2.4rem;
  color: #3e486e;
  border-radius: 0.6rem;
  background-color: #f2f5fa;
  border: 1px solid #f2f5fa;
  position: absolute;
  top: 0;
  bottom: 0;
  left: 0;
  display: -webkit-box;
  display: -webkit-flex;
  display: -ms-flexbox;
  display: flex;
  -webkit-flex-direction: column;
  -ms-flex-direction: column;
  flex-direction: column;
  width: 28rem;
  padding: 6rem 4rem 4rem 4rem;
}

.c2 > *:first-child {
  margin-top: 0;
}

.c2 > *:last-child {
  margin-bottom: 0;
}

.c3 {
  margin: 2rem 0;
  font-weight: 600;
}

.c5 {
  display: none;
}

.c8 {
  display: -webkit-box;
  display: -webkit-flex;
  display: -ms-flexbox;
  display: flex;
  -webkit-align-items: center;
  -webkit-box-align: center;
  -ms-flex-align: center;
  align-items: center;
  color: #4d73b8;
  font-weight: 600;
  line-height: 1;
  text-align: left;
  -webkit-text-decoration: none;
  text-decoration: none;
  outline: none;
}

.c8 + .c7 {
  margin-top: 1.6rem;
}

.c10 {
  display: -webkit-box;
  display: -webkit-flex;
  display: -ms-flexbox;
  display: flex;
  -webkit-align-items: center;
  -webkit-box-align: center;
  -ms-flex-align: center;
  align-items: center;
  color: #9298af;
  font-weight: 600;
  line-height: 1;
  text-align: left;
  -webkit-text-decoration: none;
  text-decoration: none;
  outline: none;
}

.c10 + .c7 {
  margin-top: 1.6rem;
}

.c9 {
  display: -webkit-inline-box;
  display: -webkit-inline-flex;
  display: -ms-inline-flexbox;
  display: inline-flex;
  -webkit-flex-shrink: 0;
  -ms-flex-negative: 0;
  flex-shrink: 0;
  -webkit-align-items: center;
  -webkit-box-align: center;
  -ms-flex-align: center;
  align-items: center;
  -webkit-box-pack: center;
  -webkit-justify-content: center;
  -ms-flex-pack: center;
  justify-content: center;
  width: 2.8rem;
  height: 2.8rem;
  margin: 0.4rem 1rem;
  margin-left: 0;
  color: #fff;
  background-color: #7994d4;
  border-radius: 49%;
}

.c11 {
  display: -webkit-inline-box;
  display: -webkit-inline-flex;
  display: -ms-inline-flexbox;
  display: inline-flex;
  -webkit-flex-shrink: 0;
  -ms-flex-negative: 0;
  flex-shrink: 0;
  -webkit-align-items: center;
  -webkit-box-align: center;
  -ms-flex-align: center;
  align-items: center;
  -webkit-box-pack: center;
  -webkit-justify-content: center;
  -ms-flex-pack: center;
  justify-content: center;
  width: 2.8rem;
  height: 2.8rem;
  margin: 0.4rem 1rem;
  margin-left: 0;
  color: #9298af;
  background-color: #e4e8ef;
  border-radius: 49%;
}

.c16 + .c15 {
  margin-top: 1.6rem;
}

.c13 {
  display: -webkit-box;
  display: -webkit-flex;
  display: -ms-flexbox;
  display: flex;
  -webkit-flex-direction: row-reverse;
  -ms-flex-direction: row-reverse;
  flex-direction: row-reverse;
  -webkit-box-pack: justify;
  -webkit-justify-content: space-between;
  -ms-flex-pack: justify;
  justify-content: space-between;
  margin: 3.2rem 0;
}

.c0 {
  display: -webkit-box;
  display: -webkit-flex;
  display: -ms-flexbox;
  display: flex;
  -webkit-flex-direction: column;
  -ms-flex-direction: column;
  flex-direction: column;
  padding: 0 0 0 28rem;
  overflow: visible;
}

.c12 {
  margin: 1.6rem 0;
}

.c1 {
  display: -webkit-box;
  display: -webkit-flex;
  display: -ms-flexbox;
  display: flex;
  -webkit-align-items: center;
  -webkit-box-align: center;
  -ms-flex-align: center;
  align-items: center;
  padding-bottom: 1.6rem;
  border-bottom: 1px solid #bbcadf;
}

@media (max-width:600px) {
  .c14 {
    font-size: 1.4rem;
  }
}

@media (max-width:600px) {
  .c14 {
    padding: 0 3rem;
  }
}

@media (max-width:600px) {
  .c2 {
    padding: 1.6rem 1rem;
  }
}

@media print {
  .c2 {
    padding: 0 5pt;
    border: none;
  }
}

@media (max-width:980px) {
  .c2 {
    position: relative;
    -webkit-flex-direction: row-reverse;
    -ms-flex-direction: row-reverse;
    flex-direction: row-reverse;
    -webkit-align-items: center;
    -webkit-box-align: center;
    -ms-flex-align: center;
    align-items: center;
    -webkit-box-pack: justify;
    -webkit-justify-content: space-between;
    -ms-flex-pack: justify;
    justify-content: space-between;
    width: 100%;
    margin: 0;
    padding: 1.6rem 1rem;
  }
}

@media print {
  .c2 {
    display: none;
  }
}

@media (max-width:980px) {
  .c3 {
    margin: 0;
  }
}

@media (max-width:980px) {
  .c4 {
    display: none;
  }
}

@media (max-width:980px) {
  .c5 {
    display: inline-block;
  }
}

@media (max-width:980px) {
  .c8 {
    display: -webkit-box;
    display: -webkit-flex;
    display: -ms-flexbox;
    display: flex;
  }

  .c8 + .c7 {
    margin-top: 0;
  }
}

@media (max-width:980px) {
  .c10 {
    display: none;
  }

  .c10 + .c7 {
    margin-top: 0;
  }
}

@media (max-width:980px) {
  .c13 {
    -webkit-flex-flow: column;
    -ms-flex-flow: column;
    flex-flow: column;
    -webkit-align-items: stretch;
    -webkit-box-align: stretch;
    -ms-flex-align: stretch;
    align-items: stretch;
  }
}

@media print {
  .c13 {
    display: none;
  }
}

@media (max-width:980px) {
  .c0 {
    padding: 0;
  }
}

@media print {
  .c0 {
    border: 0;
  }
}

@media (max-width:980px) {
  .c12 {
    margin: 1rem 0 0 0;
  }
}

@media (max-width:980px) {
  .c1 {
    padding: 1.6rem 0 1rem 0;
    border-bottom: 0;
  }
}

<div>
  <form
    class="c0"
  >
    <h1
      class="c1"
    >
      Simulateur de l'indemnité de précarité
    </h1>
    <div
      class="c2"
    >
      <span
        class="c3"
      >
        Étape
        <span
          class="c4"
        >
          s
        </span>
        <span
          class="c5"
        >
           
          1/5
        </span>
      </span>
      <ul
        class="c6"
      >
        <li
          aria-live="polite"
          class="c7 c8"
          tabindex="-1"
        >
          <span
            class="c9"
          >
            1
          </span>
          Introduction
        </li>
        <li
          class="c7 c10"
        >
          <span
            class="c11"
          >
            2
          </span>
          Convention collective
        </li>
        <li
          class="c7 c10"
        >
          <span
            class="c11"
          >
            3
          </span>
          Informations générales
        </li>
        <li
          class="c7 c10"
        >
          <span
            class="c11"
          >
            4
          </span>
          Rémunération
        </li>
        <li
          class="c7 c10"
        >
          <span
            class="c11"
          >
            5
          </span>
          Indemnité
        </li>
      </ul>
    </div>
    <div
      class="c12"
    >
      <p>
        Ce simulateur est un outil qui permet d’estimer le montant de l’indemnité de fin de contrat ou de fin de mission (dite “prime de précarité”) d’un salarié en CDD ou en contrat d’intérim.
      </p>
      <p>
        Vous pourrez simuler simplement le montant de la prime de précarité définie par le Code du travail avec la prise en compte des particularités présentes dans certaines branches d’activité.
      </p>
      <p>
        Cette simulation nécessite environ 5 minutes. Afin de pouvoir remplir les renseignements demandés, munissez-vous des informations relatives au contrat de travail (CDD ou contrat de travail temporaire (contrat d’intérim), derniers bulletins de salaire, …).
      </p>
      <p>
        Pour commencer la simulation, cliquez sur « Suivant ».
      </p>
    </div>
    <div
      class="c13"
    >
      <button
        class="c14 c15 c16"
      >
        Suivant
      </button>
    </div>
  </form>
</div>
`;
