// Jest Snapshot v1, https://goo.gl/fbAQLP

exports[`<Theme /> should render 1`] = `
.c21 {
  max-width: 124rem;
  margin: 0 auto;
  padding: 0 2rem;
}

.c21 > *:first-child {
  margin-top: 0;
}

.c21 > *:last-child {
  margin-bottom: 0;
}

.c20 {
  padding: 3.2rem 0;
  background-color: transparent;
  color: #3e486e;
}

.c24 {
  position: absolute;
  background-color: #7994d4;
  border-radius: 0.6rem;
  top: 0;
  left: 50%;
  width: 7rem;
  height: 0.4rem;
  -webkit-transform: translateX(-50%);
  -ms-transform: translateX(-50%);
  transform: translateX(-50%);
}

.c37 {
  position: relative;
  margin: 0 0 1rem 0;
  color: #2f3b6c;
  font-weight: 600;
  font-size: 1.8rem;
  font-family: "Open Sans",sans-serif;
  line-height: 1.25;
}

.c16 {
  display: -webkit-inline-box;
  display: -webkit-inline-flex;
  display: -ms-inline-flexbox;
  display: inline-flex;
  -webkit-align-items: center;
  -webkit-box-align: center;
  -ms-flex-align: center;
  align-items: center;
  -webkit-box-pack: center;
  -webkit-justify-content: center;
  -ms-flex-pack: center;
  justify-content: center;
  box-sizing: content-box;
  font-weight: 500;
  font-size: 1.6rem;
  line-height: 1.125em;
  text-align: center;
  vertical-align: middle;
  border: 1px solid;
  border-radius: 0.6rem;
  cursor: pointer;
  -webkit-transition: background-color 250ms linear, border-color 250ms linear,-webkit-transform 100ms linear;
  -webkit-transition: background-color 250ms linear, border-color 250ms linear,transform 100ms linear;
  transition: background-color 250ms linear, border-color 250ms linear,transform 100ms linear;
  -webkit-appearance: none;
  -moz-appearance: none;
  appearance: none;
  height: 4rem;
  padding: 0 1rem;
  color: #3e486e;
  background: transparent;
  border-color: transparent;
  box-shadow: none;
  opacity: 1;
}

.c16:link,
.c16:visited {
  -webkit-text-decoration: none;
  text-decoration: none;
  color: #3e486e;
}

.c16:not([disabled]):hover,
.c16:not([disabled]):active,
.c16:not([disabled]):focus {
  opacity: 0.6;
  -webkit-transform: translateY(-2px);
  -ms-transform: translateY(-2px);
  transform: translateY(-2px);
  background: transparent;
  border-color: transparent;
}

.c16[disabled] {
  color: rgba(62,72,110,0.4);
  box-shadow: none;
  cursor: not-allowed;
}

.c31 {
  display: -webkit-inline-box;
  display: -webkit-inline-flex;
  display: -ms-inline-flexbox;
  display: inline-flex;
  -webkit-align-items: center;
  -webkit-box-align: center;
  -ms-flex-align: center;
  align-items: center;
  -webkit-box-pack: center;
  -webkit-justify-content: center;
  -ms-flex-pack: center;
  justify-content: center;
  box-sizing: content-box;
  font-weight: 500;
  font-size: 1.6rem;
  line-height: 1.125em;
  text-align: center;
  vertical-align: middle;
  border: 1px solid;
  border-radius: 0.6rem;
  cursor: pointer;
  -webkit-transition: background-color 250ms linear, border-color 250ms linear,-webkit-transform 100ms linear;
  -webkit-transition: background-color 250ms linear, border-color 250ms linear,transform 100ms linear;
  transition: background-color 250ms linear, border-color 250ms linear,transform 100ms linear;
  -webkit-appearance: none;
  -moz-appearance: none;
  appearance: none;
  height: 5.2rem;
  padding: 0 4.4rem;
  color: #fff;
  background: #7994d4;
  border-color: #7994d4;
  box-shadow: 0px 10px 20px rgba(121,148,212,0.26),0px 5px 7px rgba(121,148,212,0.35);
  opacity: 1;
}

.c31:link,
.c31:visited {
  -webkit-text-decoration: none;
  text-decoration: none;
  color: #fff;
}

.c31:not([disabled]):hover,
.c31:not([disabled]):active,
.c31:not([disabled]):focus {
  opacity: 1;
  -webkit-transform: translateY(-2px);
  -ms-transform: translateY(-2px);
  transform: translateY(-2px);
  background: #a0b3e0;
  border-color: #a0b3e0;
}

.c31[disabled] {
  color: rgba(255,255,255,0.4);
  box-shadow: none;
  cursor: not-allowed;
}

.c22 {
  margin-bottom: 4rem;
  margin-left: auto;
  text-align: center;
}

.c28 {
  margin-bottom: 1.6rem;
  margin-left: auto;
  text-align: center;
}

.c23 {
  position: relative;
  margin: 0;
  color: #2f3b6c;
  font-weight: normal;
  font-size: 3.2rem;
  font-family: "Merriweather",serif;
  line-height: 1.25;
  padding-top: 1.6rem;
}

.c29 {
  position: relative;
  margin: 0;
  color: #2f3b6c;
  font-weight: normal;
  font-size: 2.8rem;
  font-family: "Merriweather",serif;
  line-height: 1.25;
  padding-top: 1.6rem;
  text-align: center;
}

.c15 ul {
  z-index: 1;
}

.c15 li[role="option"]:nth-child(2n + 1) {
  background: #f2f5fa;
}

.c13 {
  position: relative;
  display: -webkit-box;
  display: -webkit-flex;
  display: -ms-flexbox;
  display: flex;
  margin: 0 auto;
  padding: 0;
}

.c18 {
  width: 3rem;
  height: 3rem;
}

.c14 {
  display: -webkit-box;
  display: -webkit-flex;
  display: -ms-flexbox;
  display: flex;
  width: 100%;
  height: 5.4rem;
  margin: 0;
  padding: 1rem 5.5rem 1rem 1.6rem;
  color: #3e486e;
  font-weight: normal;
  font-size: 1.6rem;
  font-family: "Open Sans",sans-serif;
  font-style: normal;
  line-height: inherit;
  background: #fff;
  border: 1px solid transparent;
  border-radius: 0.6rem;
  box-shadow: 0 1rem 2rem rgba(121,148,212,0.4);
  -webkit-appearance: none;
  -moz-appearance: none;
  appearance: none;
}

.c14::-webkit-input-placeholder {
  color: #9298af;
}

.c14::-moz-placeholder {
  color: #9298af;
}

.c14:-ms-input-placeholder {
  color: #9298af;
}

.c14::placeholder {
  color: #9298af;
}

.c17 {
  position: absolute;
  top: 0;
  right: 0;
  width: 3rem;
  height: 5.4rem;
  color: #7994d4;
}

.c9 {
  position: relative;
  display: -webkit-box !important;
  display: -webkit-flex !important;
  display: -ms-flexbox !important;
  display: flex !important;
  -webkit-align-items: center;
  -webkit-box-align: center;
  -ms-flex-align: center;
  align-items: center;
  height: 100%;
  padding: 0 1.6rem;
  color: #2f3b6c;
  font-weight: normal;
  font-size: 1.6rem;
  font-family: "Open Sans",sans-serif;
  background: none;
  border: none;
  cursor: pointer;
}

.c10 {
  position: relative;
  display: -webkit-box !important;
  display: -webkit-flex !important;
  display: -ms-flexbox !important;
  display: flex !important;
  -webkit-align-items: center;
  -webkit-box-align: center;
  -ms-flex-align: center;
  align-items: center;
  height: 100%;
  padding: 0 1.6rem;
  color: #2f3b6c;
  font-weight: normal;
  font-size: 1.6rem;
  font-family: "Open Sans",sans-serif;
  background: none;
  border: none;
  cursor: pointer;
  -webkit-text-decoration: none;
  text-decoration: none;
}

.c8 {
  -webkit-order: 2;
  -ms-flex-order: 2;
  order: 2;
  height: 100%;
}

.c8 > div {
  height: 100%;
}

.c1 {
  position: -webkit-sticky;
  position: sticky;
  top: 0;
  z-index: 2;
  box-shadow: 0 1rem 2rem rgba(121,148,212,0.2);
  height: 9rem;
  margin-bottom: 6rem;
  overflow: visible;
  background-color: #fff;
}

.c2 {
  display: none;
  text-align: right;
}

.c3 {
  max-width: 124rem;
  margin: 0 auto;
  padding: 0 2rem;
  display: -webkit-box;
  display: -webkit-flex;
  display: -ms-flexbox;
  display: flex;
  -webkit-align-items: stretch;
  -webkit-box-align: stretch;
  -ms-flex-align: stretch;
  align-items: stretch;
  -webkit-box-pack: justify;
  -webkit-justify-content: space-between;
  -ms-flex-pack: justify;
  justify-content: space-between;
  width: 100%;
  height: 9rem;
}

.c3 > *:first-child {
  margin-top: 0;
}

.c3 > *:last-child {
  margin-bottom: 0;
}

.c4 {
  display: -webkit-box;
  display: -webkit-flex;
  display: -ms-flexbox;
  display: flex;
  -webkit-align-items: center;
  -webkit-box-align: center;
  -ms-flex-align: center;
  align-items: center;
  -webkit-text-decoration: none;
  text-decoration: none;
}

.c5 {
  position: relative;
  width: 7rem;
  margin-right: 3.2rem;
}

.c6 {
  position: relative;
  width: 17rem;
}

.c7 {
  display: -webkit-box;
  display: -webkit-flex;
  display: -ms-flexbox;
  display: flex;
  -webkit-flex: 1 0 auto;
  -ms-flex: 1 0 auto;
  flex: 1 0 auto;
  -webkit-align-items: center;
  -webkit-box-align: center;
  -ms-flex-align: center;
  align-items: center;
  -webkit-box-pack: end;
  -webkit-justify-content: flex-end;
  -ms-flex-pack: end;
  justify-content: flex-end;
}

.c11 {
  display: none;
  -webkit-order: 1;
  -ms-flex-order: 1;
  order: 1;
  color: #7994d4;
}

.c12 {
  -webkit-order: 3;
  -ms-flex-order: 3;
  order: 3;
  width: 31rem;
  margin-left: 1.6rem;
}

.c25 {
  width: 100%;
  overflow-x: hidden;
}

.c26 {
  position: relative;
  z-index: 1;
  margin-top: 4rem;
  padding-top: 1.6rem;
  background-color: #f2f5fa;
}

.c26:before {
  position: absolute;
  top: -27px;
  left: -50%;
  z-index: -1;
  width: 200%;
  height: 400px;
  background-color: #f2f5fa;
  border-radius: 100%;
  content: "";
}

.c27 {
  position: relative;
  padding-bottom: 4rem;
  text-align: center;
}

.c30 {
  max-width: 124rem;
  margin: 0 auto;
  padding: 0 2rem;
  padding: 0;
  max-width: 74rem;
  margin-bottom: 2rem;
}

.c30 > *:first-child {
  margin-top: 0;
}

.c30 > *:last-child {
  margin-bottom: 0;
}

.c32 {
  width: 1.5em;
  margin-left: 1.6rem;
}

.c33 {
  padding: 4rem 0;
  background-color: #e4e8ef;
}

.c34 {
  max-width: 124rem;
  margin: 0 auto;
  padding: 0 2rem;
  display: -webkit-box;
  display: -webkit-flex;
  display: -ms-flexbox;
  display: flex;
  -webkit-box-pack: justify;
  -webkit-justify-content: space-between;
  -ms-flex-pack: justify;
  justify-content: space-between;
}

.c34 > *:first-child {
  margin-top: 0;
}

.c34 > *:last-child {
  margin-bottom: 0;
}

.c36 + .c35 {
  padding-left: 1.6rem;
}

.c39 {
  margin: 0;
  padding: 0;
  list-style-type: none;
}

.c38 {
  font-size: 1.6rem;
}

.c40 {
  margin: 0.4rem 0;
}

.c41 {
  font-weight: normal;
  -webkit-text-decoration: none;
  text-decoration: none;
}

.c42 {
  display: -webkit-box;
  display: -webkit-flex;
  display: -ms-flexbox;
  display: flex;
  -webkit-flex-wrap: wrap;
  -ms-flex-wrap: wrap;
  flex-wrap: wrap;
  -webkit-align-items: center;
  -webkit-box-align: center;
  -ms-flex-align: center;
  align-items: center;
  -webkit-box-pack: center;
  -webkit-justify-content: center;
  -ms-flex-pack: center;
  justify-content: center;
  background-color: #e4e8ef;
}

.c43 {
  font-weight: normal;
  -webkit-text-decoration: none;
  text-decoration: none;
  margin: 0 1rem 1rem 1rem;
}

.c44 {
  margin-bottom: 1rem;
  -webkit-user-select: none;
  -moz-user-select: none;
  -ms-user-select: none;
  user-select: none;
}

.c19 {
  outline: none;
}

.c0 {
  position: absolute;
  top: 0;
  left: 0;
  z-index: -1;
  width: 100%;
  height: 40rem;
  overflow: hidden;
  background: #f2f5fa;
}

.c0:after {
  position: absolute;
  bottom: -373px;
  left: -50%;
  z-index: -1;
  width: 200%;
  height: 40rem;
  background-color: #fff;
  border-radius: 100%;
  content: "";
}

@media (max-width:600px) {
  .c21 {
    padding: 0 1rem;
  }
}

@media print {
  .c21 {
    max-width: 100%;
    padding: 0;
  }
}

@media (max-width:600px) {
  .c37 {
    font-size: 1.6rem;
  }
}

@media (max-width:600px) {
  .c16 {
    font-size: 1.4rem;
  }
}

@media (max-width:600px) {
  .c31 {
    font-size: 1.4rem;
  }
}

@media (max-width:600px) {
  .c31 {
    padding: 0 3rem;
  }
}

@media (max-width:600px) {
  .c22 {
    margin-bottom: 2.4rem;
    margin-left: auto;
  }
}

@media (max-width:600px) {
  .c28 {
    margin-bottom: 1rem;
    margin-left: auto;
  }
}

@media (max-width:600px) {
  .c23 {
    font-size: 2.6rem;
  }
}

@media (max-width:600px) {
  .c29 {
    font-size: 2.2rem;
  }
}

@media (max-width:600px) {
  .c13 {
    -webkit-flex-direction: column;
    -ms-flex-direction: column;
    flex-direction: column;
    height: auto;
  }
}

@media (max-width:600px) {
  .c14 {
    height: 5.4rem;
    padding: 1rem 5.5rem 1rem 1.6rem;
  }
}

@media (max-width:980px) {
  .c9 {
    -webkit-box-pack: center;
    -webkit-justify-content: center;
    -ms-flex-pack: center;
    justify-content: center;
    width: 100%;
    height: 5.4rem;
    font-weight: 600;
    font-size: 1.8rem;
  }
}

@media (max-width:980px) {
  .c10 {
    -webkit-box-pack: center;
    -webkit-justify-content: center;
    -ms-flex-pack: center;
    justify-content: center;
    width: 100%;
    height: 5.4rem;
    font-weight: 600;
    font-size: 1.8rem;
  }
}

@media (max-width:980px) {
  .c8 {
    height: auto;
  }
}

@media (max-width:600px) {
  .c1 {
    height: 5rem;
    margin-bottom: 2rem;
  }
}

@media print {
  .c1 {
    position: relative;
    box-shadow: none;
  }
}

@media print {
  .c2 {
    display: block;
  }
}

@media (max-width:600px) {
  .c3 {
    padding: 0 1rem;
  }
}

@media print {
  .c3 {
    max-width: 100%;
    padding: 0;
  }
}

@media (max-width:600px) {
  .c3 {
    height: 5rem;
  }
}

@media (max-width:600px) {
  .c4 {
    -webkit-flex: 0 0 calc(50% + 4.635rem);
    -ms-flex: 0 0 calc(50% + 4.635rem);
    flex: 0 0 calc(50% + 4.635rem);
    -webkit-box-pack: justify;
    -webkit-justify-content: space-between;
    -ms-flex-pack: justify;
    justify-content: space-between;
  }
}

@media (max-width:600px) {
  .c5 {
    max-width: 4rem;
  }
}

@media (max-width:600px) {
  .c6 {
    max-width: 9.25rem;
  }
}

@media print {
  .c7 {
    display: none;
  }
}

@media (max-width:980px) {
  .c11 {
    display: block;
    width: 3.4rem;
    height: 3.4rem;
    margin-left: 2rem;
  }
}

@media (max-width:600px) {
  .c11 {
    width: 2.2rem;
    height: 2.2rem;
    margin-left: 1rem;
  }
}

@media (max-width:980px) {
  .c12 {
    display: none;
  }
}

@media print {
  .c26 {
    display: none;
  }
}

@media (max-width:600px) {
  .c30 {
    padding: 0;
  }
}

@media print {
  .c30 {
    max-width: 100%;
    padding: 0;
  }
}

@media (max-width:600px) {
  .c34 {
    padding: 0 1rem;
  }
}

@media print {
  .c34 {
    max-width: 100%;
    padding: 0;
  }
}

@media (max-width:600px) {
  .c34 {
    -webkit-flex-direction: column;
    -ms-flex-direction: column;
    flex-direction: column;
  }
}

@media (max-width:600px) {
  .c36 + .c35 {
    padding-left: 0;
  }
}

@media (max-width:600px) {
  .c39 {
    text-align: center;
  }
}

@media (max-width:600px) {
  .c38 {
    margin-top: 1rem;
    text-align: center;
  }
}

@media (max-width:980px) {
  .c44 {
    display: none;
  }
}

<div>
  <div
    class="c0"
  />
  <header
    class="c1"
  >
    <div
      class="c2"
      id="printDate"
    >
      le 06/01/2009 à 08:40
    </div>
    <div
      class="c3"
    >
      <a
        class="c4"
        href="/"
        title="Code du travail numérique - retour à l'accueil"
      >
        <img
          alt="symbole de la Marianne, site officiel du gouvernement | Ministère du travail"
          class="c5"
          src="/static/assets/img/marianne.svg"
        />
        <img
          alt="code du travail numérique"
          class="c6"
          src="/static/assets/img/logo.svg"
        />
      </a>
      <div
        class="c7"
      >
        <div
          class="c8"
        >
          <div>
            <div
              class="bm-overlay"
              style="position: fixed; z-index: 1000; width: 100%; height: 100%; background: rgba(0, 0, 0, 0.3); opacity: 1; transition: opacity 0.3s;"
            />
            <div
              class="bm-menu-wrap"
              id=""
              style="position: fixed; z-index: 1100; width: 300px; height: 100%; transition: all 0.5s;"
            >
              <div
                class="bm-menu"
                style="height: 100%; box-sizing: border-box; overflow: auto;"
              >
                <nav
                  class="bm-item-list"
                  style="height: 100%;"
                >
                  <button
                    class="c9"
                  >
                    Accessibilité
                  </button>
                  <a
                    class="c10 bm-item"
                    href="/outils"
                    style="display: block;"
                    tabindex="0"
                  >
                    Boîte à outils
                  </a>
                  <a
                    class="c10 bm-item"
                    href="/themes"
                    style="display: block;"
                    tabindex="0"
                  >
                    Thèmes
                  </a>
                </nav>
              </div>
              <div>
                <div
                  class="bm-cross-button"
                  style="position: absolute; width: 24px; height: 24px; right: 8px; top: 8px;"
                >
                  <svg
                    class="bm-cross"
                    fill="none"
                    style="width: 100%; height: 100%;"
                    viewBox="0 0 32 32"
                  >
                    <path
                      clip-rule="evenodd"
                      d="M14.752 16.5L7.258 8.591A.957.957 0 017 7.932c0-.247.093-.484.259-.659A.858.858 0 017.883 7a.86.86 0 01.625.273L16 15.183l7.492-7.91A.859.859 0 0124.117 7c.234 0 .459.098.624.273a.957.957 0 01.259.659.957.957 0 01-.259.66L17.249 16.5l7.492 7.909a.958.958 0 01.259.659.957.957 0 01-.259.659.859.859 0 01-.624.273.86.86 0 01-.625-.273L16 17.817l-7.492 7.91a.859.859 0 01-.625.273.859.859 0 01-.624-.273.957.957 0 01-.259-.659.96.96 0 01.259-.66l7.492-7.908z"
                      fill="currentColor"
                      fill-rule="evenodd"
                    />
                  </svg>
                  <button
                    style="position: absolute; left: 0px; top: 0px; width: 100%; height: 100%; margin: 0px; padding: 0px; font-size: 0; background: transparent; cursor: pointer;"
                    tabindex="0"
                  >
                    Close Menu
                  </button>
                </div>
              </div>
            </div>
            <div>
              <div
                class="bm-burger-button"
                style="z-index: 1000;"
              >
                <svg
                  class="bm-icon"
                  fill="none"
                  style="width: 100%; height: 100%;"
                  viewBox="0 0 32 32"
                >
                  <path
                    clip-rule="evenodd"
                    d="M7 11a1 1 0 011-1h16a1 1 0 110 2H8a1 1 0 01-1-1zm0 5a1 1 0 011-1h16a1 1 0 110 2H8a1 1 0 01-1-1zm1 4a1 1 0 100 2h16a1 1 0 100-2H8z"
                    fill="currentColor"
                    fill-rule="evenodd"
                  />
                </svg>
                <button
                  style="position: absolute; left: 0px; top: 0px; width: 100%; height: 100%; margin: 0px; padding: 0px; font-size: 0; background: transparent; cursor: pointer;"
                >
                  Open Menu
                </button>
              </div>
            </div>
          </div>
        </div>
        <a
          class="c11"
          href="/recherche?q="
        >
          <svg
            fill="none"
            viewBox="0 0 32 32"
          >
            <path
              d="M27.319 25.368a.935.935 0 01-1.304 1.341l-6.256-6.012a9.797 9.797 0 01-6.092 2.1C8.327 22.798 4 18.59 4 13.4S8.328 4 13.667 4c5.338 0 9.666 4.208 9.666 9.399 0 2.245-.81 4.307-2.16 5.923l6.146 6.046zm-13.652-4.515c4.234 0 7.666-3.337 7.666-7.454 0-4.117-3.432-7.454-7.666-7.454C9.432 5.945 6 9.282 6 13.399c0 4.117 3.432 7.454 7.667 7.454z"
              fill="currentColor"
            />
          </svg>
        </a>
        <div
          class="c12"
        >
          <form
            action="/recherche"
            class="c13"
          >
            <div
              aria-expanded="false"
              aria-haspopup="listbox"
              aria-owns="react-autowhatever-1"
              role="combobox"
              style="flex: 1 1 auto;"
            >
              <input
                aria-autocomplete="list"
                aria-controls="react-autowhatever-1"
                aria-label="recherchez par mots-clés"
                autocomplete="off"
                class="c14"
                id="main-search-input"
                name="q"
                placeholder="Rechercher"
                title="recherchez par mots-clés"
                type="search"
                value=""
              />
              <div
                class="c15"
                id="react-autowhatever-1"
                role="listbox"
              />
            </div>
            <button
              class="c16 c17"
              type="submit"
            >
              <svg
                class="c18"
                fill="none"
                viewBox="0 0 32 32"
              >
                <path
                  d="M27.319 25.368a.935.935 0 01-1.304 1.341l-6.256-6.012a9.797 9.797 0 01-6.092 2.1C8.327 22.798 4 18.59 4 13.4S8.328 4 13.667 4c5.338 0 9.666 4.208 9.666 9.399 0 2.245-.81 4.307-2.16 5.923l6.146 6.046zm-13.652-4.515c4.234 0 7.666-3.337 7.666-7.454 0-4.117-3.432-7.454-7.666-7.454C9.432 5.945 6 9.282 6 13.399c0 4.117 3.432 7.454 7.667 7.454z"
                  fill="currentColor"
                />
              </svg>
            </button>
          </form>
        </div>
      </div>
    </div>
  </header>
  <main
    class="c19"
  >
    <div
      class="c20"
    >
      <div
        class="c21"
      >
        <div
          data-next-focus-root="true"
          role="group"
          style="outline: none;"
          tabindex="-1"
        >
          <header
            class="c22"
          >
            <h1
              class="c23"
            >
              <div
                class="c24"
              />
            </h1>
          </header>
        </div>
      </div>
    </div>
  </main>
  <div
    class="c25"
  >
    <footer
      class="c26"
    >
      <div
        class="c20 c27"
      >
        <div
          class="c21"
        >
          <header
            class="c28"
          >
            <h3
              class="c29"
            >
              <div
                class="c24"
              />
              Besoin de plus d’informations ?
            </h3>
          </header>
          <div
            class="c30"
          >
            Les services du ministère du Travail en région informent, conseillent et orientent les salariés et les employeurs du secteur privé sur leurs questions en droit du travail.
          </div>
          <button
            class="c31"
          >
            Contacter nos services en région
            <svg
              class="c32"
              fill="none"
              viewBox="0 0 28 15"
            >
              <path
                d="M27.875 7.153l-6-6.284a.526.526 0 00-.711-.023.496.496 0 00-.024.688l5.204 5.468H.5c-.276 0-.5.217-.5.484s.224.483.5.483h25.844l-5.204 5.469a.493.493 0 00.024.687.52.52 0 00.711-.023l6-6.284a.506.506 0 000-.665z"
                fill="currentColor"
              />
            </svg>
          </button>
        </div>
      </div>
      <div
        class="c20 c33"
      >
        <nav>
          <div
            class="c34"
          >
            <div
              class="c35 c36"
            >
              <h3
                class="c37 c38"
              >
                Code du travail numérique
              </h3>
              <ul
                class="c39"
              >
                <li
                  class="c40"
                >
                  <a
                    class="c41"
                    href="/droit-du-travail"
                  >
                    Le droit du travail
                  </a>
                </li>
                <li
                  class="c40"
                >
                  <a
                    class="c41"
                    href="/glossaire"
                  >
                    Glossaire
                  </a>
                </li>
                <li
                  class="c40"
                >
                  <a
                    class="c41"
                    href="/a-propos"
                  >
                    À propos
                  </a>
                </li>
                <li
                  class="c40"
                >
                  <a
                    class="c41"
                    href="/mentions-legales"
                  >
                    Mentions légales
                  </a>
                </li>
                <li
                  class="c40"
                >
                  <a
                    class="c41"
                    href="mailto:codedutravailnumerique@travail.gouv.fr"
                  >
                    Contact
                  </a>
                </li>
              </ul>
            </div>
            <div
              class="c35 c36"
            >
              <h3
                class="c37 c38"
              >
                Aidez-nous à améliorer cet outil
              </h3>
              <ul
                class="c39"
              >
                <li
                  class="c40"
                >
                  <a
                    class="c41"
                    href="https://github.com/SocialGouv/code-du-travail-numerique/tree/vX.Y.Z"
                    rel="noopener noreferrer"
                    target="_blank"
                  >
                    Contribuer sur Github
                  </a>
                </li>
                <li
                  class="c40"
                >
                  <a
                    class="c41"
                    href="https://github.com/SocialGouv/code-du-travail-numerique/releases/tag/vX.Y.Z"
                    rel="noopener noreferrer"
                    target="_blank"
                  >
                    Journal des modifications
                  </a>
                </li>
              </ul>
            </div>
            <div
              class="c35 c36"
            >
              <h3
                class="c37 c38"
              >
                En collaboration avec
              </h3>
              <ul
                class="c39"
              >
                <li
                  class="c40"
                >
                  <a
                    class="c41"
                    href="https://travail-emploi.gouv.fr/ministere/organisation/organisation-des-directions-et-services/article/organisation-de-la-direction-generale-du-travail-dgt"
                    rel="noopener noreferrer"
                    target="_blank"
                  >
                    La Direction Générale du Travail
                  </a>
                </li>
                <li
                  class="c40"
                >
                  <a
                    class="c41"
                    href="https://incubateur.social.gouv.fr/"
                    rel="noopener noreferrer"
                    target="_blank"
                  >
                    L’incubateur des ministères sociaux
                  </a>
                </li>
                <li
                  class="c40"
                >
                  <a
                    class="c41"
                    href="https://beta.gouv.fr/"
                    rel="noopener noreferrer"
                    target="_blank"
                  >
                    beta.gouv.fr
                  </a>
                </li>
              </ul>
            </div>
          </div>
        </nav>
      </div>
      <div
        class="c42"
      >
        <a
          class="c43"
          href="https://travail-emploi.gouv.fr"
          rel="noopener noreferrer"
          target="_blank"
        >
          travail-emploi.gouv.fr
        </a>
        <span
          aria-hidden="true"
          class="c44"
        >
          |
        </span>
        <a
          class="c43"
          href="https://www.service-public.fr"
          rel="noopener noreferrer"
          target="_blank"
        >
          service-public.fr
        </a>
        <span
          aria-hidden="true"
          class="c44"
        >
          |
        </span>
        <a
          class="c43"
          href="https://www.legifrance.gouv.fr"
          rel="noopener noreferrer"
          target="_blank"
        >
          legifrance.gouv.fr
        </a>
        <span
          aria-hidden="true"
          class="c44"
        >
          |
        </span>
        <a
          class="c43"
          href="https://www.data.gouv.fr"
          rel="noopener noreferrer"
          target="_blank"
        >
          data.gouv.fr
        </a>
        <span
          aria-hidden="true"
          class="c44"
        >
          |
        </span>
        <a
          class="c43"
          href="https://www.gouvernement.fr"
          rel="noopener noreferrer"
          target="_blank"
        >
          gouvernement.fr
        </a>
        <span
          aria-hidden="true"
          class="c44"
        >
          |
        </span>
        <a
          class="c43"
          href="https://www.cnil.fr/"
          rel="noopener noreferrer"
          target="_blank"
        >
          cnil.fr
        </a>
      </div>
    </footer>
  </div>
</div>
`;
